Checking javac version... 
 
Compiling... 
Done 
